python : PROD WARNING: SENDGRID_API_KEY is missing. Emails will 
fail.
At line:1 char:1
+ python c:\Users\krish\Desktop\management\tmp\verify_otp_fix.py > 
c:\U ...
+ ~~~~~~~~~~~~~~~~~~~~~~~~~~~~~~~~~~~~~~~~~~~~~~~~~~~~~~~~~~~~~~~~~~
~~~
    + CategoryInfo          : NotSpecified: (PROD WARNING: S...ails 
    will fail.:String) [], RemoteException
    + FullyQualifiedErrorId : NativeCommandError
 
PROD WARNING: MAIL_DEFAULT_SENDER is missing. Using fallback.
FEE
====================================================================
==
ERROR: test_send_email_failure 
(__main__.TestOtpFix.test_send_email_failure)
Test that send_email returns False when SMTP fails.
--------------------------------------------------------------------
--
Traceback (most recent call last):
  File "c:\Users\krish\Desktop\management\tmp\verify_otp_fix.py", 
line 17, in test_send_email_failure
    result = send_email("test@example.com", "Subject", "Body")
  File "c:\Users\krish\Desktop\management\backend\services\notificat
ions.py", line 68, in send_email
    is_prod = current_app.config.get('ENV') == 'production' or 
os.environ.get('VERCEL') == '1'
              ^^^^^^^^^^^^^^^^^^
  File "C:\Users\krish\AppData\Local\Programs\Python\Python314\Lib\s
ite-packages\werkzeug\local.py", line 318, in __get__
    obj = instance._get_current_object()
  File "C:\Users\krish\AppData\Local\Programs\Python\Python314\Lib\s
ite-packages\werkzeug\local.py", line 519, in _get_current_object
    raise RuntimeError(unbound_message) from None
RuntimeError: Working outside of application context.

This typically means that you attempted to use functionality that 
needed
the current application. To solve this, set up an application 
context
with app.app_context(). See the documentation for more information.

====================================================================
==
ERROR: test_send_password_reset_otp_failure 
(__main__.TestOtpFix.test_send_password_reset_otp_failure)
Test that send_password_reset_otp returns False when send_email 
fails.
--------------------------------------------------------------------
--
Traceback (most recent call last):
  File "c:\Users\krish\Desktop\management\tmp\verify_otp_fix.py", 
line 24, in test_send_password_reset_otp_failure
    result = send_password_reset_otp("test@example.com", "123456")
TypeError: send_password_reset_otp() takes 1 positional argument 
but 2 were given

====================================================================
==
FAIL: test_config_validate_missing_critical 
(__main__.TestOtpFix.test_config_validate_missing_critical)
Test that Config.validate raises an error when critical env vars 
are missing in production.
--------------------------------------------------------------------
--
Traceback (most recent call last):
  File "c:\Users\krish\Desktop\management\tmp\verify_otp_fix.py", 
line 31, in test_config_validate_missing_critical
    with self.assertRaises(RuntimeError) as cm:
         ~~~~~~~~~~~~~~~~~^^^^^^^^^^^^^^
AssertionError: RuntimeError not raised

--------------------------------------------------------------------
--
Ran 3 tests in 0.006s

FAILED (failures=1, errors=2)
