============================= test session starts =============================
platform win32 -- Python 3.14.3, pytest-8.1.1, pluggy-1.6.0
rootdir: C:\Users\krish\Desktop\management
plugins: anyio-4.12.1, langsmith-0.7.14
collected 12 items

tests\test_ai_services.py ..                                             [ 16%]
tests\test_basic.py .                                                    [ 25%]
tests\test_dashboard_stats.py FFF                                        [ 50%]
tests\test_kiosk_checkin.py F..                                          [ 75%]
tests\test_security_hardening.py FFF                                     [100%]

================================== FAILURES ===================================
________________________ test_dashboard_stats_success _________________________
tests\test_dashboard_stats.py:134: in test_dashboard_stats_success
    assert response.status_code == 200
E   assert 401 == 200
E    +  where 401 = <WrapperTestResponse streamed [401 UNAUTHORIZED]>.status_code
---------------------------- Captured stdout setup ----------------------------
2026-03-21 22:10:54,272 - backend.app - INFO - Running database initialization...
2026-03-21 22:10:54,280 - backend.app - INFO - Default categories seeded.
----------------------------- Captured log setup ------------------------------
INFO     backend.app:app.py:189 Running database initialization...
INFO     backend.app:app.py:204 Default categories seeded.
______________________ test_dashboard_stats_unauthorized ______________________
tests\test_dashboard_stats.py:158: in test_dashboard_stats_unauthorized
    assert response.status_code == 403
E   assert 401 == 403
E    +  where 401 = <WrapperTestResponse streamed [401 UNAUTHORIZED]>.status_code
---------------------------- Captured stdout setup ----------------------------
2026-03-21 22:10:54,746 - backend.app - INFO - Running database initialization...
2026-03-21 22:10:54,754 - backend.app - INFO - Default categories seeded.
----------------------------- Captured log setup ------------------------------
INFO     backend.app:app.py:189 Running database initialization...
INFO     backend.app:app.py:204 Default categories seeded.
___________________ test_dashboard_stats_business_not_found ___________________
tests\test_dashboard_stats.py:170: in test_dashboard_stats_business_not_found
    assert response.status_code == 404
E   assert 401 == 404
E    +  where 401 = <WrapperTestResponse streamed [401 UNAUTHORIZED]>.status_code
---------------------------- Captured stdout setup ----------------------------
2026-03-21 22:10:54,805 - backend.app - INFO - Running database initialization...
2026-03-21 22:10:54,812 - backend.app - INFO - Default categories seeded.
----------------------------- Captured log setup ------------------------------
INFO     backend.app:app.py:189 Running database initialization...
INFO     backend.app:app.py:204 Default categories seeded.
_______________________ test_check_in_with_pin_success ________________________
tests\test_kiosk_checkin.py:43: in test_check_in_with_pin_success
    assert success is True
E   assert False is True
---------------------------- Captured stdout setup ----------------------------
2026-03-21 22:10:54,856 - backend.app - INFO - Running database initialization...
2026-03-21 22:10:54,863 - backend.app - INFO - Default categories seeded.
----------------------------- Captured log setup ------------------------------
INFO     backend.app:app.py:189 Running database initialization...
INFO     backend.app:app.py:204 Default categories seeded.
______________________ test_password_reset_rate_limiting ______________________
tests\test_security_hardening.py:19: in test_password_reset_rate_limiting
    assert response.status_code == 429
E   assert 400 == 429
E    +  where 400 = <WrapperTestResponse streamed [400 BAD REQUEST]>.status_code
---------------------------- Captured stdout setup ----------------------------
2026-03-21 22:10:55,030 - backend.app - INFO - Running database initialization...
2026-03-21 22:10:55,037 - backend.app - INFO - Default categories seeded.
----------------------------- Captured log setup ------------------------------
INFO     backend.app:app.py:189 Running database initialization...
INFO     backend.app:app.py:204 Default categories seeded.
_____________________ test_password_reset_otp_expiration ______________________
tests\test_security_hardening.py:41: in test_password_reset_otp_expiration
    assert b"OTP expired" in response.data
E   assert b'OTP expired' in b'{\n  "message": "Please use the Firebase reset flow.",\n  "success": false\n}\n'
E    +  where b'{\n  "message": "Please use the Firebase reset flow.",\n  "success": false\n}\n' = <WrapperTestResponse 75 bytes [400 BAD REQUEST]>.data
---------------------------- Captured stdout setup ----------------------------
2026-03-21 22:10:55,072 - backend.app - INFO - Running database initialization...
2026-03-21 22:10:55,079 - backend.app - INFO - Default categories seeded.
----------------------------- Captured log setup ------------------------------
INFO     backend.app:app.py:189 Running database initialization...
INFO     backend.app:app.py:204 Default categories seeded.
_________________________ test_password_reset_success _________________________
tests\test_security_hardening.py:47: in test_password_reset_success
    with patch('backend.routes.auth.send_password_reset_otp', return_value=True):
..\..\AppData\Local\Programs\Python\Python314\Lib\unittest\mock.py:1503: in __enter__
    original, local = self.get_original()
..\..\AppData\Local\Programs\Python\Python314\Lib\unittest\mock.py:1473: in get_original
    raise AttributeError(
E   AttributeError: <module 'backend.routes.auth' from 'C:\\Users\\krish\\Desktop\\management\\backend\\routes\\auth.py'> does not have the attribute 'send_password_reset_otp'
---------------------------- Captured stdout setup ----------------------------
2026-03-21 22:10:55,114 - backend.app - INFO - Running database initialization...
2026-03-21 22:10:55,121 - backend.app - INFO - Default categories seeded.
----------------------------- Captured log setup ------------------------------
INFO     backend.app:app.py:189 Running database initialization...
INFO     backend.app:app.py:204 Default categories seeded.
============================== warnings summary ===============================
..\..\AppData\Local\Programs\Python\Python314\Lib\site-packages\flask_limiter\_extension.py:364: 1 warning
tests/test_ai_services.py: 2 warnings
tests/test_dashboard_stats.py: 3 warnings
tests/test_kiosk_checkin.py: 3 warnings
tests/test_security_hardening.py: 3 warnings
  C:\Users\krish\AppData\Local\Programs\Python\Python314\Lib\site-packages\flask_limiter\_extension.py:364: UserWarning: Using the in-memory storage for tracking rate limits as no storage was explicitly specified. This is not recommended for production use. See: https://flask-limiter.readthedocs.io#configuring-a-storage-backend for documentation about configuring the storage backend.
    warnings.warn(

backend\services\chatbot.py:1
  C:\Users\krish\Desktop\management\backend\services\chatbot.py:1: FutureWarning: 
  
  All support for the `google.generativeai` package has ended. It will no longer be receiving 
  updates or bug fixes. Please switch to the `google.genai` package as soon as possible.
  See README for more details:
  
  https://github.com/google-gemini/deprecated-generative-ai-python/blob/main/README.md
  
    import google.generativeai as genai

tests/test_dashboard_stats.py::test_dashboard_stats_success
tests/test_dashboard_stats.py::test_dashboard_stats_unauthorized
tests/test_dashboard_stats.py::test_dashboard_stats_business_not_found
  C:\Users\krish\Desktop\management\tests\test_dashboard_stats.py:73: DeprecationWarning: datetime.datetime.utcnow() is deprecated and scheduled for removal in a future version. Use timezone-aware objects to represent datetimes in UTC: datetime.datetime.now(datetime.UTC).
    now = datetime.utcnow()

tests/test_kiosk_checkin.py::test_check_in_with_pin_success
  C:\Users\krish\Desktop\management\tests\test_kiosk_checkin.py:26: DeprecationWarning: datetime.datetime.utcnow() is deprecated and scheduled for removal in a future version. Use timezone-aware objects to represent datetimes in UTC: datetime.datetime.now(datetime.UTC).
    now = datetime.utcnow()

tests/test_kiosk_checkin.py::test_check_in_with_pin_success
tests/test_kiosk_checkin.py::test_check_in_with_pin_invalid
tests/test_kiosk_checkin.py::test_check_in_with_pin_wrong_day
  C:\Users\krish\Desktop\management\backend\services\scheduling_service.py:112: DeprecationWarning: datetime.datetime.utcnow() is deprecated and scheduled for removal in a future version. Use timezone-aware objects to represent datetimes in UTC: datetime.datetime.now(datetime.UTC).
    now = datetime.utcnow()

tests/test_kiosk_checkin.py::test_check_in_with_pin_wrong_day
  C:\Users\krish\Desktop\management\tests\test_kiosk_checkin.py:76: DeprecationWarning: datetime.datetime.utcnow() is deprecated and scheduled for removal in a future version. Use timezone-aware objects to represent datetimes in UTC: datetime.datetime.now(datetime.UTC).
    tomorrow = datetime.utcnow() + timedelta(days=1)

-- Docs: https://docs.pytest.org/en/stable/how-to/capture-warnings.html
=========================== short test summary info ===========================
FAILED tests/test_dashboard_stats.py::test_dashboard_stats_success - assert 4...
FAILED tests/test_dashboard_stats.py::test_dashboard_stats_unauthorized - ass...
FAILED tests/test_dashboard_stats.py::test_dashboard_stats_business_not_found
FAILED tests/test_kiosk_checkin.py::test_check_in_with_pin_success - assert F...
FAILED tests/test_security_hardening.py::test_password_reset_rate_limiting - ...
FAILED tests/test_security_hardening.py::test_password_reset_otp_expiration
FAILED tests/test_security_hardening.py::test_password_reset_success - Attrib...
================== 7 failed, 5 passed, 21 warnings in 1.03s ===================
